data/sample_promotions.csv
product_id,store_id,week,price,competitor_price,is_promoted,baseline_sales,promotional_lift,sales
D,3,2023-01-02,10.843809915346993,10.834288018410518,0,69.70825054100224,0.0,69.70825054100224
D,3,2023-02-23,9.754978701553355,9.81477453842113,1,69.9204904688658,10.289039088932872,80.20952955779866
D,3,2023-03-18,10.856256328894457,10.721826505437301,0,70.9082767480081,0.0,70.9082767480081
D,3,2023-04-21,8.09209041915055,11.584885210740154,0,70.70039595106527,0.0,70.70039595106527
D,3,2023-05-11,8.82231923350255,10.373114593240714,1,73.00912874406256,9.679760304896277,82.68888904895884
D,3,2023-05-30,9.110348690517672,9.673599154670612,0,69.58004988146335,0.0,69.58004988146335
D,3,2023-06-09,9.198383647065908,10.01937952757207,0,78.51188401591855,0.0,78.51188401591855
D,3,2023-11-09,11.832683172015722,11.65694606380588,0,65.94131281290537,0.0,65.94131281290537
D,3,2024-03-03,9.829728391094829,9.513905693943476,1,72.06344615415233,11.121785852388847,83.18523200654118
D,3,2024-03-11,11.72635795327596,10.539840182364133,0,65.41638209818771,0.0,65.41638209818771
D,3,2024-04-22,11.02654321513974,10.00461199672804,0,68.50667467195551,0.0,68.50667467195551
A,18,2023-01-03,8.79802770935328,9.894295553740355,1,72.46792711242519,5.489269225123498,77.95719633754868
A,18,2023-01-08,8.349160718358702,10.704209028747018,0,74.04166772900062,0.0,74.04166772900062
A,18,2023-01-22,8.466784256566726,8.408774478774877,0,80.87350193757358,0.0,80.87350193757358
A,18,2023-02-27,10.127429918752696,9.17667189337391,1,68.10991186192321,5.6810492220303885,73.79096108395359
A,18,2023-05-20,11.673818899757205,8.174646630829445,0,66.37348578995163,0.0,66.37348578995163
A,18,2023-06-02,10.06069472962725,8.696773346313014,0,62.76933089014264,0.0,62.76933089014264
A,18,2023-07-12,10.022031516424136,9.248592226785789,0,70.81369176046799,0.0,70.81369176046799
A,18,2023-10-18,8.618688563532945,11.475602502162284,0,78.04614622706521,0.0,78.04614622706521
D,8,2023-01-06,10.828920382577778,11.40965863679459,0,65.77547315373813,0.0,65.77547315373813
D,8,2023-02-14,11.631464521850063,11.472491253962124,1,64.91593606500093,10.46531357642348,75.38124964142442
D,8,2023-05-01,8.943624138380326,9.937593790296162,0,74.52402568980781,0.0,74.52402568980781
D,8,2023-08-21,11.94146924896694,10.338682801770355,0,68.01779562878036,0.0,68.01779562878036
D,8,2023-11-26,9.25141942602235,10.618772325725393,1,73.47716925361631,15.694400117882086,89.17156937149839
D,8,2024-01-21,8.180402708881292,10.141432407370644,0,73.38393916389941,0.0,73.38393916389941
D,8,2024-04-02,11.472643216206187,10.433945650639165,0,66.51170220513089,0.0,66.51170220513089
D,8,2024-04-24,8.772531458349173,10.15893047503977,0,71.43297140345311,0.0,71.43297140345311
C,17,2023-01-13,9.476921926039584,8.262504578296053,0,70.35235924824505,0.0,70.35235924824505
C,17,2023-03-02,10.171397242453637,8.741835498706617,0,70.54543045616262,0.0,70.54543045616262
C,17,2023-03-26,10.00915338985012,10.897141232505648,0,68.23020646493774,0.0,68.23020646493774
C,17,2023-06-03,11.902165262731025,11.843122205947907,0,65.29700181714128,0.0,65.29700181714128
C,17,2023-08-27,10.795383412643618,9.292522628281114,0,65.26704270109016,0.0,65.26704270109016
C,17,2023-09-13,8.426314920514697,11.853387331281596,1,76.17894208723771,16.091123447469677,92.27006553470738
C,17,2023-10-25,10.393144233072618,10.253755709393836,1,65.71826373241136,8.80035755089492,74.51862128330627
C,17,2023-11-15,11.922307200719953,9.906781900164637,0,66.80861785818264,0.0,66.80861785818264
C,17,2023-12-07,10.578186602503289,10.32372821305119,1,68.04633975303372,11.693018314663155,79.73935806769687
C,17,2023-12-31,8.280118822989884,10.37415427649259,1,76.70284634074167,16.917284504727363,93.62013084546903
C,17,2024-01-04,8.150387092825044,9.443090076442399,0,72.3017367052078,0.0,72.3017367052078
C,17,2024-04-04,8.629362638810104,8.637216082475922,1,80.9469111710546,12.700523153373734,93.64743432442833
D,1,2023-01-15,10.194412471752614,9.487334116954898,1,71.0393702521862,19.61558358018886,90.65495383237507
D,1,2023-02-13,10.53503425488071,8.80143657419485,1,70.75316915758121,14.540637031699525,85.29380618928073
D,1,2023-03-08,11.514516461493752,10.23365069033279,0,64.87055752877247,0.0,64.87055752877247
D,1,2023-04-23,11.084986674078952,10.466418327449896,0,65.16615638408221,0.0,65.16615638408221
D,1,2023-04-29,11.642744793022853,11.133690903766459,0,61.64942739487377,0.0,61.64942739487377
D,1,2023-08-24,9.939113468601384,9.919588326368293,0,70.15947192743164,0.0,70.15947192743164
D,1,2023-08-28,9.610200174387922,11.892390992281385,1,67.93032736932919,14.18387226142767,82.11419963075686
D,1,2023-09-16,9.065993573483528,11.914525149602122,0,72.13439377180622,0.0,72.13439377180622
D,1,2023-11-19,8.20638322663484,10.861963628397097,1,77.19070842111687,8.016480911640011,85.20718933275688
D,1,2023-12-27,8.000950094303539,8.449217377644876,0,73.57256896193812,0.0,73.57256896193812
D,1,2024-02-03,10.973411291574497,9.770867867118108,0,68.14714505005949,0.0,68.14714505005949
A,9,2023-01-16,10.195687919555908,11.275142573428376,0,72.06718940562222,0.0,72.06718940562222
A,9,2023-03-05,10.922196547237206,10.393309060489708,1,62.587121591918546,13.8564663473404,76.44358793925895
A,9,2023-05-17,11.69184092719394,10.977116262379823,0,68.2785241821466,0.0,68.2785241821466
A,9,2023-07-25,8.564327395110855,10.677561605837445,1,76.58933606367927,7.84722954458234,84.4365656082616
A,9,2023-09-12,10.880810326529183,8.938245173339315,0,68.75774542318877,0.0,68.75774542318877
A,9,2023-10-04,11.662054709167656,9.272446214472478,0,60.2360326194662,0.0,60.2360326194662
A,9,2024-04-08,11.720361402038954,9.366698007587683,0,65.20235649943282,0.0,65.20235649943282
A,9,2024-04-21,10.224726940159028,9.564171052232698,0,70.54878794039774,0.0,70.54878794039774
D,16,2023-01-18,10.738286191519332,8.004117919382534,0,73.95569808763507,0.0,73.95569808763507
D,16,2023-01-30,11.731752268399818,8.525340505637512,0,63.14623809093701,0.0,63.14623809093701
D,16,2023-02-25,9.421449807273584,8.071447569913278,0,75.06281272197401,0.0,75.06281272197401
D,16,2023-03-30,11.08752792239298,10.283618007376656,0,67.3235420858763,0.0,67.3235420858763
D,16,2023-06-13,11.199128088297078,8.117577783026029,1,62.0496959477855,9.69294741282695,71.74264336061245
D,16,2023-11-03,11.229721007267045,10.570303875788758,0,68.43128926614007,0.0,68.43128926614007
D,16,2023-12-08,10.600669401772912,8.35850535661977,0,71.53314749725382,0.0,71.53314749725382
D,16,2024-01-18,10.356434137883578,8.94094233920794,0,69.62564163280122,0.0,69.62564163280122
D,16,2024-02-16,10.519111691984612,9.60475165615593,1,68.31455353987631,19.176712831340133,87.49126637121645
D,16,2024-04-18,8.914500646099693,11.145103827028379,1,72.89138619844732,18.93932603393089,91.8307122323782
B,3,2023-01-21,8.010843597657319,11.77721453983132,0,73.63802378284912,0.0,73.63802378284912
B,3,2023-04-28,11.361758527921692,10.501218640855791,1,68.65550879157252,17.757074221412566,86.41258301298508
B,3,2023-07-09,10.20689038103736,10.65048511603328,0,71.6181079792877,0.0,71.6181079792877
B,3,2023-08-25,10.049830623527686,10.743870943931936,0,65.69656826733313,0.0,65.69656826733313
B,3,2023-09-08,9.992363014044024,8.649527578649284,0,69.65172594906642,0.0,69.65172594906642
B,3,2023-10-10,8.540005109684827,8.436438527062998,0,74.89634878795185,0.0,74.89634878795185
B,3,2023-11-01,8.41237498405498,10.348246830804603,0,72.79214324634263,0.0,72.79214324634263
B,3,2023-12-01,9.68705063892205,8.665326430972568,1,72.08561290066861,12.746365823279167,84.83197872394777
B,3,2024-02-22,10.060991697258903,10.678410464535848,0,75.76176240266886,0.0,75.76176240266886
B,13,2023-01-23,9.89266480420757,11.416839097846264,0,69.18087742471852,0.0,69.18087742471852
B,13,2023-01-26,8.426797000453744,9.19349772395997,0,74.06374686516257,0.0,74.06374686516257
B,13,2023-02-21,10.496406176727351,8.364657961624767,0,67.1050326740879,0.0,67.1050326740879
B,13,2023-03-13,11.00961248015529,10.36105575554249,0,65.45133103943527,0.0,65.45133103943527
B,13,2023-04-13,8.556464776572248,11.909865545259143,1,76.78649765562295,19.238129403057684,96.02462705868064
B,13,2023-06-14,9.397547996197332,9.582060679396061,0,69.29276706937945,0.0,69.29276706937945
B,13,2023-08-19,8.456951703681588,8.354222336892965,0,80.96020799241643,0.0,80.96020799241643
B,13,2023-08-26,10.966747776914662,8.069519160741919,1,69.98902366389511,6.75599062136253,76.74501428525764
B,13,2023-11-21,8.1766617508404,11.289573675268233,0,73.22239387433602,0.0,73.22239387433602
B,13,2023-11-22,10.353055027879725,9.723448366152134,0,69.96602166058213,0.0,69.96602166058213
B,13,2024-02-11,9.536362445964999,11.622099169318695,1,72.28459741154107,8.055007066590273,80.33960447813135
B,13,2024-03-26,11.62605487777832,11.074399219154033,0,64.94901147551852,0.0,64.94901147551852
D,14,2023-01-29,9.634073171743667,8.920214732125736,0,73.58766700398311,0.0,73.58766700398311
D,14,2023-03-23,9.515286262227663,11.028237070444893,0,67.13074335374719,0.0,67.13074335374719
D,14,2023-06-24,9.924351793550343,11.343992255124839,1,67.64079497513549,11.174831906850535,78.81562688198602
D,14,2023-07-21,10.412789608707918,11.53483867864301,0,73.08185172347662,0.0,73.08185172347662
D,14,2023-10-09,11.816347746158533,9.154742382122553,0,63.52529355301055,0.0,63.52529355301055
D,14,2024-02-10,8.187781428591252,9.348908531021682,0,74.24406625135987,0.0,74.24406625135987
D,14,2024-02-29,8.1394606409353,9.827434579521475,1,75.64576471050822,14.170049033249704,89.81581374375793
D,14,2024-03-05,9.09183749942526,11.981921962817028,1,73.97387183599264,8.328506911765594,82.30237874775824
D,19,2023-02-02,9.516914339855202,8.125209254990065,1,70.37794987101118,17.687743256899516,88.06569312791069
D,19,2023-02-06,11.12605792700566,11.858081889080834,1,65.10733452444816,18.333311360054445,83.4406458845026
D,19,2023-03-21,8.41166412297658,10.88755051170774,1,77.09134404335954,14.14446517485353,91.23580921821306
D,19,2023-05-09,9.517222793542196,9.754428865958154,0,70.88996457611691,0.0,70.88996457611691
D,19,2023-06-20,9.176178716883886,9.13541811443458,0,71.04714291289721,0.0,71.04714291289721
D,19,2023-12-15,9.617941798727403,11.437663173122356,1,68.6526649464038,6.149537097128732,74.80220204353253
D,19,2023-12-24,9.670024336111569,11.262994574017124,1,69.22743354675006,8.47675385434025,77.70418740109031
D,19,2024-01-16,11.411287286767605,9.695779251653208,1,64.44023354793455,16.841482912927866,81.28171646086241
D,19,2024-01-28,10.354216915892982,10.528061944081674,0,70.82349683472196,0.0,70.82349683472196
D,19,2024-01-29,11.929322060320327,8.233818456434216,0,60.53258754961355,0.0,60.53258754961355
D,19,2024-03-12,10.940850618093812,11.019351279763391,1,62.46446807869454,18.112560232355392,80.57702831104993
D,19,2024-05-05,9.72896313557005,8.894457737985245,0,74.97604351446282,0.0,74.97604351446282
B,15,2023-02-03,11.705797694358845,10.925080267894742,0,67.265757170861,0.0,67.265757170861
B,15,2023-09-03,10.764887430438618,8.502966047226595,0,71.63000994216077,0.0,71.63000994216077
B,15,2023-09-15,9.054735210538466,10.646529401484587,0,74.84890540642401,0.0,74.84890540642401
B,15,2023-10-24,10.819702198755813,10.439327221994779,0,65.23993357332539,0.0,65.23993357332539
B,15,2023-12-10,10.242708776014055,9.599620827216626,0,66.77036812163843,0.0,66.77036812163843
B,15,2023-12-23,11.506661511449797,8.348155850350635,0,66.59652151006689,0.0,66.59652151006689
B,15,2024-01-17,10.862213260936969,8.61193520331425,1,66.40513825873899,9.45180023029776,75.85693848903675
B,15,2024-02-14,11.304822783175863,10.581159350102867,1,67.99272025894433,13.631140809292225,81.62386106823655
B,15,2024-02-24,11.985343103226898,10.560672895312663,0,65.93307024845704,0.0,65.93307024845704
B,15,2024-03-07,8.177506654132948,9.334278197888802,1,80.70252932756452,18.223451824111354,98.92598115167587
B,15,2024-03-28,10.648448040426258,10.686233774452148,0,68.95951362258202,0.0,68.95951362258202
B,15,2024-04-01,10.085041248721659,11.45874476813416,1,67.45981163513423,13.183777740037216,80.64358937517144
A,2,2023-02-05,8.19237857585635,11.429440368369995,1,82.18152491909021,17.34741246063289,99.52893737972309
A,2,2023-05-08,10.431577575177034,8.655997923957989,1,73.37917382192767,15.065829257898717,88.44500307982638
A,2,2023-10-16,11.38563139725823,11.51156463616531,0,67.87693716308334,0.0,67.87693716308334
A,2,2023-11-27,8.482090315145857,9.520298035748821,0,76.20401422564551,0.0,76.20401422564551
A,2,2023-12-18,10.15360596152315,9.18111315688124,1,71.42796452461248,8.240901743671497,79.66886626828398
A,2,2023-12-25,9.84777140230235,9.49403873215355,0,69.42645249432906,0.0,69.42645249432906
A,2,2024-01-10,9.345481855313688,10.927832270342538,1,74.70562031171355,10.772054258316548,85.47767457003009
A,2,2024-02-08,11.322570071002499,11.274828228476931,0,68.3991798526957,0.0,68.3991798526957
A,2,2024-05-06,11.360486010964875,11.829291551578349,0,66.11682864607269,0.0,66.11682864607269
C,6,2023-02-09,11.198148523678062,9.247807961980522,0,64.91797919675537,0.0,64.91797919675537
C,6,2023-02-20,11.598669781168692,8.814804997105096,0,62.24407370257523,0.0,62.24407370257523
C,6,2023-07-19,11.22125986943162,8.948111428433345,1,62.73312989347436,11.751747897122165,74.48487779059653
C,6,2023-07-30,10.943618452784008,9.010111128301677,0,65.13355663555375,0.0,65.13355663555375
C,6,2023-08-10,8.136912443282117,10.15962335800885,0,71.85588747064014,0.0,71.85588747064014
C,6,2023-08-30,10.580216671077318,9.016898319589973,0,70.62675206220808,0.0,70.62675206220808
C,6,2023-10-11,9.935019767729651,10.602046591166863,1,73.80282259995404,10.322912461192217,84.12573506114626
C,6,2023-11-08,8.346820847448734,11.388669445490297,0,82.27284622183299,0.0,82.27284622183299
C,6,2023-12-26,11.96136525336711,10.105996776615124,1,70.00998938380539,18.553376651487955,88.56336603529334
C,6,2024-04-10,10.795962952158352,9.385287074356015,1,67.37045546806728,6.050052681995987,73.42050815006327
C,6,2024-04-17,11.2797876696324,8.64705684540844,0,67.73856966635564,0.0,67.73856966635564
B,5,2023-02-12,8.942766984259999,10.983348048123858,1,69.4938989522674,5.492144361929126,74.98604331419652
B,5,2023-03-17,8.818178372677853,9.85839438654324,1,71.43647250115691,15.975871048463194,87.4123435496201
B,5,2023-03-28,9.945429927982431,8.583688296140583,1,70.56012038006065,19.993158780786416,90.55327916084707
B,5,2023-04-04,10.396117459109306,11.103218943171825,1,66.68359675886389,11.21704573309015,77.90064249195403
B,5,2023-04-06,11.83629917825611,8.289665088585366,0,66.7977945549051,0.0,66.7977945549051
B,5,2023-04-12,11.647409635371858,9.288378808877342,0,66.66329150703173,0.0,66.66329150703173
B,5,2023-06-05,10.229221475560191,11.384981168076198,0,73.2913621672811,0.0,73.2913621672811
B,5,2023-07-28,8.347700059801397,10.351537484441547,1,73.1730823190773,12.795563943417264,85.96864626249456
B,5,2023-11-06,10.762240929782562,10.169454659918953,0,68.34048490100591,0.0,68.34048490100591
D,12,2023-02-15,9.264786329185979,10.85969616080899,1,67.64105805226514,9.428627037344633,77.06968508960978
D,12,2023-02-16,10.353226703180226,10.25100114537353,0,69.4850804283057,0.0,69.4850804283057
D,12,2023-03-19,9.97592594852345,9.582180335519874,1,70.43557614944127,11.239158568727825,81.6747347181691
D,12,2023-05-06,9.245777056182565,9.92361532579594,0,75.01530445144466,0.0,75.01530445144466
D,12,2023-07-17,10.226886339133465,10.394855920400431,1,71.88466687906367,18.720966724347555,90.60563360341123
D,12,2023-08-12,9.380768579525103,11.946771921428645,0,77.6668621691314,0.0,77.6668621691314
D,12,2023-08-31,9.686815738213127,10.086920186544852,1,71.17655303619381,5.100231938358316,76.27678497455213
D,12,2023-09-25,9.68814423820275,11.674711187974017,0,71.94404742421987,0.0,71.94404742421987
D,12,2023-12-05,9.820574740144625,11.718423509687957,1,63.26263294594832,15.808483229666091,79.0711161756144
D,12,2024-02-06,11.351302941132982,8.06328436706233,0,66.48524653589641,0.0,66.48524653589641
D,12,2024-03-19,11.8484878903682,11.924945497377216,0,64.01096532936421,0.0,64.01096532936421
D,12,2024-05-12,11.08341643416396,10.425483777733502,0,68.59484127882507,0.0,68.59484127882507
C,5,2023-02-17,10.73192825366853,9.886129840410051,1,72.93169893792904,11.900035933711983,84.83173487164103
C,5,2023-03-22,10.145925405938378,10.627935430257972,1,62.40915375611601,18.440611994858287,80.8497657509743
C,5,2023-05-26,8.662053269711896,9.973107387135197,1,72.97701164677422,13.014358278405137,85.99136992517936
C,5,2023-07-08,9.631937981459378,10.317659597374004,1,67.76012997184193,16.772927344383202,84.53305731622514
C,5,2023-11-10,11.033569655782726,11.255065153278345,1,66.37763110788433,17.504647012159374,83.88227812004371
C,5,2023-11-11,10.555797541337046,8.435673367386926,1,67.82425966353875,12.491476548002531,80.31573621154129
C,5,2023-12-11,9.924247535376345,11.906900954650315,1,69.36808177338062,11.64959764275763,81.01767941613825
C,5,2024-01-01,8.037941734513993,11.174975401522065,0,77.65534107468217,0.0,77.65534107468217
C,5,2024-01-30,11.536795912526012,8.567097574108407,0,70.70289996035362,0.0,70.70289996035362
C,5,2024-03-14,9.01059637584354,9.637911412020816,1,72.66599613625135,6.910796240005089,79.57679237625644
