data/sample_promotions.csv
product_id,store_id,week,price,competitor_price,is_promoted,baseline_sales,promotional_lift,sales
A,19,2023-03-01,8.916101563699186,11.870045054455112,1,70.45905172632223,18.965149563279496,89.42420128960173
A,19,2023-04-10,9.151718465902904,11.298056187587335,0,69.60797886396946,0.0,69.60797886396946
A,19,2023-05-16,11.454072562451827,9.88073037078666,1,65.13361711557943,5.240927974715092,70.37454509029452
A,19,2023-06-15,9.872927313765517,10.424754854244686,0,69.05036314515228,0.0,69.05036314515228
A,19,2023-08-15,11.444272079898887,8.206787348966108,1,69.75520534740451,14.624478632410318,84.37968397981483
A,19,2023-09-09,8.26870159966284,8.753396335062405,1,74.1244802889065,19.094772669402623,93.21925295830911
A,19,2023-11-14,10.548926319157948,8.984278635191993,1,68.92210541244252,16.759810380340333,85.68191579278286
A,19,2024-03-01,11.57968576491136,8.76129945127627,1,66.39412569223083,17.859633535412613,84.25375922764344
A,19,2024-04-06,9.336035514980951,8.470596113894235,0,71.65402196726879,0.0,71.65402196726879
A,19,2024-04-23,9.034753322791632,9.588715109716844,1,69.72332645503768,14.479830205942836,84.20315666098051
A,5,2023-03-04,9.331263143649938,8.004927340665704,0,70.13539426426256,0.0,70.13539426426256
A,5,2023-03-24,9.828000877126714,11.810594552154868,1,69.03894433220117,8.792204091338007,77.83114842353918
A,5,2023-06-28,9.33745124524193,10.407421534648034,0,79.88641957506377,0.0,79.88641957506377
A,5,2023-07-29,10.532963099643842,11.794333419405735,0,62.10742437714245,0.0,62.10742437714245
A,5,2023-09-06,10.118646714620324,11.759279167707367,0,70.27898278866498,0.0,70.27898278866498
A,5,2023-10-14,8.648055511566339,9.752689385647951,0,71.95071067092637,0.0,71.95071067092637
A,5,2023-10-20,9.896949234801479,9.187477098241123,0,76.46565073962354,0.0,76.46565073962354
A,5,2024-02-04,8.259945637931576,9.783163658308915,0,77.52571442865394,0.0,77.52571442865394
A,5,2024-05-13,11.789191553025352,8.556792098470119,1,55.92785429284321,14.081176362613808,70.00903065545701
B,16,2023-03-11,10.292603397029556,10.60607786720906,0,64.52236599778395,0.0,64.52236599778395
B,16,2023-03-15,11.114287756203005,11.937405629611616,0,62.30731619284222,0.0,62.30731619284222
B,16,2023-03-31,8.048812289272178,8.07347054776216,0,78.83094562666705,0.0,78.83094562666705
B,16,2023-04-15,9.024062127414648,10.772775763290724,0,74.69160284595924,0.0,74.69160284595924
B,16,2023-04-16,10.904382344249603,11.285762912039466,0,70.5436339964757,0.0,70.5436339964757
B,16,2023-07-02,11.589721639275536,9.652124698590788,0,63.93105543171077,0.0,63.93105543171077
B,16,2023-10-07,11.797227188231062,11.00971105046229,0,62.51511708540197,0.0,62.51511708540197
B,16,2024-01-14,9.86924306615061,11.066624540801623,1,65.3037335984614,17.94458598480444,83.24831958326584
D,17,2023-04-18,8.408850656900798,10.681541833417649,1,72.31759799048388,15.62734546239196,87.94494345287583
D,17,2023-06-12,9.707155621346997,10.352233512360318,0,65.57664107662727,0.0,65.57664107662727
D,17,2023-06-16,10.49990394820421,10.390894261023458,1,65.21191908117316,19.728585471148087,84.94050455232124
D,17,2023-08-05,11.642496014161216,11.127161319380118,1,65.72415488645838,7.1591287035834625,72.88328359004184
D,17,2023-10-03,9.748773585428975,10.419815690762164,1,69.73654333408386,17.27554349722006,87.01208683130392
D,17,2023-10-27,8.303733641478487,10.193998886605907,1,69.87425765855491,9.372436113855844,79.24669377241075
D,17,2023-11-05,11.160054235167424,10.001781236522966,0,69.17481745274107,0.0,69.17481745274107
D,17,2023-11-25,9.892840472325334,11.81864012013323,0,67.79427713541361,0.0,67.79427713541361
D,17,2024-01-06,10.323028828909312,11.079778801006716,0,69.56037544435995,0.0,69.56037544435995
D,17,2024-02-09,8.481355048139983,10.41287764085349,0,73.14035607227966,0.0,73.14035607227966
D,17,2024-03-17,8.195134326692692,8.004946719037637,0,73.05755823008595,0.0,73.05755823008595
D,17,2024-03-20,8.437875440217816,9.899546174024874,0,75.00945869628691,0.0,75.00945869628691
D,5,2023-04-26,8.309284261955149,11.740807261197839,1,79.05305280730458,6.8304574148277295,85.88351022213232
D,5,2023-09-30,11.083943702141914,10.308740946846992,1,69.6921112775706,15.51301453792148,85.20512581549208
D,5,2023-11-07,10.085202669654278,11.805914238663965,0,66.84318726062095,0.0,66.84318726062095
D,5,2023-12-06,10.089738304284676,10.12904085335616,0,69.64027008725857,0.0,69.64027008725857
D,5,2024-01-07,9.086747884276017,10.226548231746868,1,72.9867460073232,11.887838505988427,84.87458451331163
D,5,2024-04-09,8.423336375314335,9.523638102043948,0,77.19967750909747,0.0,77.19967750909747
D,5,2024-04-14,9.861880035079935,9.118814153885918,0,72.69252371268767,0.0,72.69252371268767
D,5,2024-04-25,8.336392897871939,10.511800211090543,0,79.44842613293724,0.0,79.44842613293724
A,13,2023-05-05,9.328585650619756,11.135330213675449,0,73.69055240182263,0.0,73.69055240182263
A,13,2023-06-08,8.737851485675424,11.070895552267121,0,78.3303562627148,0.0,78.3303562627148
A,13,2023-07-04,11.202999085944484,9.748661555267306,0,68.01948242012362,0.0,68.01948242012362
A,13,2023-08-18,11.119035099152123,8.720041749890894,1,69.5083570532461,13.454899565431433,82.96325661867753
A,13,2023-09-01,8.529104844501322,9.370613952483662,0,77.65131632893095,0.0,77.65131632893095
A,13,2023-10-06,10.44161866803183,11.973347749434513,1,67.26732378164016,5.442560827178089,72.70988460881824
A,13,2023-10-28,8.311061376315829,10.385941899941686,0,72.98040817708767,0.0,72.98040817708767
A,13,2024-03-08,11.40877413338803,10.321900026866698,0,66.2706544305415,0.0,66.2706544305415
A,13,2024-04-12,11.526548531081401,10.038896987006792,1,63.702594415216836,14.126134038200266,77.8287284534171
D,18,2023-05-10,10.976998607373154,10.899306239496234,1,64.76294523567041,13.23964657220156,78.00259180787198
D,18,2023-07-26,9.625569233094089,8.583026272979007,1,76.11661306256237,13.732748451388847,89.84936151395121
D,18,2023-08-20,10.263106479866241,8.413235828496063,0,65.70504761643144,0.0,65.70504761643144
D,18,2023-09-10,9.620992352110754,10.923317899483505,1,69.29563231313911,8.30725540209956,77.60288771523867
D,18,2023-09-29,8.361347842310431,10.667886067963629,1,74.70161950177236,15.060132880734884,89.76175238250724
D,18,2023-10-23,9.65117420242701,10.520834993316576,1,76.44845328260966,10.961722353486374,87.41017563609604
D,18,2023-12-02,11.18136735183639,10.469407029651897,1,64.04396672356862,16.797835735862705,80.84180245943132
D,18,2023-12-20,10.9514230676261,8.740913786189639,1,68.8651269551992,16.79536599592222,85.66049295112143
D,18,2024-01-31,10.403193785768792,9.098161016000502,0,74.30323884188775,0.0,74.30323884188775
D,18,2024-03-09,8.14168947367418,8.355069576431074,1,74.42568133831976,15.459131285807853,89.88481262412762
C,4,2023-05-19,9.923347912356295,9.734621335825555,0,66.00087495433071,0.0,66.00087495433071
C,4,2023-06-01,8.850723137364906,11.361809625107734,0,74.73954860418743,0.0,74.73954860418743
C,4,2023-06-17,9.510903789760677,11.171824378422526,0,71.35930239478625,0.0,71.35930239478625
C,4,2023-07-01,9.089207418881198,10.05046082082322,1,70.702862379009,6.258793037321441,76.96165541633044
C,4,2023-08-08,11.30042932569064,11.456864710696676,1,65.86285910730362,18.882833117778212,84.74569222508183
C,4,2023-08-09,9.452236848780363,10.232560998375451,1,81.40723133312129,6.025011572684063,87.43224290580535
C,4,2023-09-07,11.260217713609828,10.931595673365367,1,71.39707017022764,19.04400709119829,90.44107726142593
C,4,2023-09-27,11.834508709252882,11.76350142535226,0,66.38139464865485,0.0,66.38139464865485
C,4,2023-11-23,11.99741399826334,11.58685715936049,1,64.24280401209776,5.4246691160400164,69.66747312813779
C,4,2024-01-22,8.43787039471646,8.71378386091109,0,71.30674837899923,0.0,71.30674837899923
C,4,2024-03-22,11.965901340580192,8.479316008070585,0,60.179572826586416,0.0,60.179572826586416
C,4,2024-04-19,11.634805237077472,10.298349529271066,1,64.81888167486774,10.688398057706735,75.50727973257447
A,11,2023-05-22,8.131386680973753,8.083444557166153,0,69.13753686295429,0.0,69.13753686295429
A,11,2023-09-05,11.290335503646695,8.574169448157571,0,69.17130828289906,0.0,69.17130828289906
A,11,2023-10-26,9.838726051044524,9.52167881693119,1,72.0551351763651,19.814893885118778,91.87002906148388
A,11,2024-01-13,8.013385448171917,11.238119903073766,0,74.30711010781968,0.0,74.30711010781968
A,11,2024-01-15,9.188011505819528,8.598815871827831,0,71.45036075715322,0.0,71.45036075715322
A,11,2024-01-19,9.109062582787095,11.47703849860421,0,75.96633933430354,0.0,75.96633933430354
A,11,2024-03-06,9.906707313321473,9.785409404790569,0,71.18301148885894,0.0,71.18301148885894
A,11,2024-04-29,9.506781447947194,8.565112197102023,1,72.86998487324087,13.220485349963601,86.09047022320446
